TAP version 13
# Subtest: admin crud routes return appointments list
ok 1 - admin crud routes return appointments list
  ---
  duration_ms: 2.3317
  type: 'test'
  ...
# Subtest: admin crud routes create appointment and request realtime push
ok 2 - admin crud routes create appointment and request realtime push
  ---
  duration_ms: 0.56
  type: 'test'
  ...
# Subtest: admin crud routes let staff create own appointment
ok 3 - admin crud routes let staff create own appointment
  ---
  duration_ms: 0.3117
  type: 'test'
  ...
# Subtest: admin crud routes create or update schedule and request realtime push
ok 4 - admin crud routes create or update schedule and request realtime push
  ---
  duration_ms: 0.3738
  type: 'test'
  ...
# Subtest: admin crud routes return hydrated barbers list
ok 5 - admin crud routes return hydrated barbers list
  ---
  duration_ms: 1.5795
  type: 'test'
  ...
# Subtest: admin crud routes return plain barbers list
ok 6 - admin crud routes return plain barbers list
  ---
  duration_ms: 0.2579
  type: 'test'
  ...
# Subtest: admin crud routes create barber and request realtime push
ok 7 - admin crud routes create barber and request realtime push
  ---
  duration_ms: 0.3883
  type: 'test'
  ...
# Subtest: admin crud routes update appointment and request realtime push
ok 8 - admin crud routes update appointment and request realtime push
  ---
  duration_ms: 0.5691
  type: 'test'
  ...
# Subtest: admin crud routes let staff update own appointment
ok 9 - admin crud routes let staff update own appointment
  ---
  duration_ms: 1.1244
  type: 'test'
  ...
# Subtest: admin crud routes delete appointment and request realtime push
ok 10 - admin crud routes delete appointment and request realtime push
  ---
  duration_ms: 0.5871
  type: 'test'
  ...
# Subtest: admin crud routes let staff delete own appointment
ok 11 - admin crud routes let staff delete own appointment
  ---
  duration_ms: 0.2942
  type: 'test'
  ...
# Subtest: admin crud routes return schedule board
ok 12 - admin crud routes return schedule board
  ---
  duration_ms: 0.441
  type: 'test'
  ...
# Subtest: admin crud routes let staff update own schedule
ok 13 - admin crud routes let staff update own schedule
  ---
  duration_ms: 0.2413
  type: 'test'
  ...
# Subtest: admin crud routes update barber and propagate rename
ok 14 - admin crud routes update barber and propagate rename
  ---
  duration_ms: 0.2991
  type: 'test'
  ...
# Subtest: admin crud routes delete barber and request realtime push
ok 15 - admin crud routes delete barber and request realtime push
  ---
  duration_ms: 0.2039
  type: 'test'
  ...
# Subtest: admin crud routes return generic table records with ordering
ok 16 - admin crud routes return generic table records with ordering
  ---
  duration_ms: 0.2391
  type: 'test'
  ...
# Subtest: admin crud routes create generic users record and normalize telegram id
ok 17 - admin crud routes create generic users record and normalize telegram id
  ---
  duration_ms: 0.247
  type: 'test'
  ...
# Subtest: admin crud routes update generic users record and normalize telegram id
ok 18 - admin crud routes update generic users record and normalize telegram id
  ---
  duration_ms: 0.2274
  type: 'test'
  ...
# Subtest: admin crud routes delete generic table record and request realtime push
ok 19 - admin crud routes delete generic table record and request realtime push
  ---
  duration_ms: 0.2669
  type: 'test'
  ...
# Subtest: admin insights service builds revenue summary totals and timeline
ok 20 - admin insights service builds revenue summary totals and timeline
  ---
  duration_ms: 2.111
  type: 'test'
  ...
# Subtest: admin insights service builds user profile with warning and manual block flags
ok 21 - admin insights service builds user profile with warning and manual block flags
  ---
  duration_ms: 0.3614
  type: 'test'
  ...
# Subtest: admin insights service maps home payload visit history to appointment records for CRM profile
ok 22 - admin insights service maps home payload visit history to appointment records for CRM profile
  ---
  duration_ms: 0.8329
  type: 'test'
  ...
# Subtest: admin insights service toggles manual block and requests realtime push
ok 23 - admin insights service toggles manual block and requests realtime push
  ---
  duration_ms: 0.8272
  type: 'test'
  ...
# [dotenv@17.2.2] injecting env (18) from .env -- tip: ⚙️  suppress all logs with { quiet: true }
# Subtest: app runtime smoke parses cli args and env fallbacks
ok 24 - app runtime smoke parses cli args and env fallbacks
  ---
  duration_ms: 2.1936
  type: 'test'
  ...
# Subtest: app runtime smoke builds normalized urls
ok 25 - app runtime smoke builds normalized urls
  ---
  duration_ms: 0.2951
  type: 'test'
  ...
# Subtest: app runtime smoke summary renders report details
ok 26 - app runtime smoke summary renders report details
  ---
  duration_ms: 1.1818
  type: 'test'
  ...
# Subtest: appointment presentation service maps appointment flags and dates
ok 27 - appointment presentation service maps appointment flags and dates
  ---
  duration_ms: 1.9327
  type: 'test'
  ...
# Subtest: appointment presentation service counts only recent blocked appointments
ok 28 - appointment presentation service counts only recent blocked appointments
  ---
  duration_ms: 0.2453
  type: 'test'
  ...
# Subtest: appointment presentation service counts blocked clients with manual block override
ok 29 - appointment presentation service counts blocked clients with manual block override
  ---
  duration_ms: 0.3399
  type: 'test'
  ...
# Subtest: appointment presentation service splits active appointments into upcoming and overdue
ok 30 - appointment presentation service splits active appointments into upcoming and overdue
  ---
  duration_ms: 1.1334
  type: 'test'
  ...
# Subtest: resolveBookableServicesForBarber uses barber id price map
ok 31 - resolveBookableServicesForBarber uses barber id price map
  ---
  duration_ms: 2.7842
  type: 'test'
  ...
# Subtest: buildTimeSlotsForDate respects lead time and busy intervals
ok 32 - buildTimeSlotsForDate respects lead time and busy intervals
  ---
  duration_ms: 16.8534
  type: 'test'
  ...
# Subtest: validateAppointmentRecord rejects occupied slots for active appointments
ok 33 - validateAppointmentRecord rejects occupied slots for active appointments
  ---
  duration_ms: 1.4643
  type: 'test'
  ...
# Subtest: validateAppointmentRecord allows updating the same appointment when excluded
ok 34 - validateAppointmentRecord allows updating the same appointment when excluded
  ---
  duration_ms: 0.4412
  type: 'test'
  ...
# Subtest: validateAppointmentRecord skips validation for non-active statuses
ok 35 - validateAppointmentRecord skips validation for non-active statuses
  ---
  duration_ms: 0.9061
  type: 'test'
  ...
# Subtest: createHomeAppointment writes through prisma transaction
not ok 36 - createHomeAppointment writes through prisma transaction
  ---
  duration_ms: 0.6321
  type: 'test'
  location: 'D:\\Works\\Barber Bot\\tests\\appointmentService.test.js:172:1'
  failureType: 'testCodeFailure'
  error: 'LEAD_TIME'
  code: 'LEAD_TIME'
  stack: |-
    createError (D:\Works\Barber Bot\services\appointmentService.js:4:17)
    Object.createHomeAppointment (D:\Works\Barber Bot\services\appointmentService.js:420:13)
    TestContext.<anonymous> (D:\Works\Barber Bot\tests\appointmentService.test.js:186:33)
    Test.runInAsyncScope (node:async_hooks:214:14)
    Test.run (node:internal/test_runner/test:1047:25)
    Test.processPendingSubtests (node:internal/test_runner/test:744:18)
    Test.postRun (node:internal/test_runner/test:1173:19)
    Test.run (node:internal/test_runner/test:1101:12)
    async Test.processPendingSubtests (node:internal/test_runner/test:744:7)
  ...
# Subtest: auth service authenticates access token and refreshes near-expiry session
ok 37 - auth service authenticates access token and refreshes near-expiry session
  ---
  duration_ms: 1117.2333
  type: 'test'
  ...
# Subtest: auth service authenticates home token and refreshes home session header
ok 38 - auth service authenticates home token and refreshes home session header
  ---
  duration_ms: 1113.1917
  type: 'test'
  ...
# Subtest: auth service rejects creator login when emergency account is disabled
ok 39 - auth service rejects creator login when emergency account is disabled
  ---
  duration_ms: 0.8451
  type: 'test'
  ...
# Subtest: auth service allows creator login only when emergency account is explicitly enabled
ok 40 - auth service allows creator login only when emergency account is explicitly enabled
  ---
  duration_ms: 0.9679
  type: 'test'
  ...
# Subtest: backup service lists sql and sqlite backups in reverse order
ok 41 - backup service lists sql and sqlite backups in reverse order
  ---
  duration_ms: 10.3889
  type: 'test'
  ...
# Subtest: backup service copies sqlite database into timestamped file
ok 42 - backup service copies sqlite database into timestamped file
  ---
  duration_ms: 1.1111
  type: 'test'
  ...
# Subtest: backup service creates postgres sql dump through pg_dump
ok 43 - backup service creates postgres sql dump through pg_dump
  ---
  duration_ms: 1.3356
  type: 'test'
  ...
# Subtest: backup service restores postgres sql dump through psql
ok 44 - backup service restores postgres sql dump through psql
  ---
  duration_ms: 1.7272
  type: 'test'
  ...
# Subtest: barber alias service loads aliases from disk payload
ok 45 - barber alias service loads aliases from disk payload
  ---
  duration_ms: 1.8529
  type: 'test'
  ...
# Subtest: barber alias service falls back to empty map on read error
ok 46 - barber alias service falls back to empty map on read error
  ---
  duration_ms: 0.1736
  type: 'test'
  ...
# Subtest: barber alias service registers alias and persists it
ok 47 - barber alias service registers alias and persists it
  ---
  duration_ms: 0.3375
  type: 'test'
  ...
# Subtest: barber alias service allows replacing current lookup map
ok 48 - barber alias service allows replacing current lookup map
  ---
  duration_ms: 0.1262
  type: 'test'
  ...
# Subtest: booking utility service normalizes appointment statuses and supported values
ok 49 - booking utility service normalizes appointment statuses and supported values
  ---
  duration_ms: 0.8496
  type: 'test'
  ...
# Subtest: booking utility service parses telegram id and date window
ok 50 - booking utility service parses telegram id and date window
  ---
  duration_ms: 1.1352
  type: 'test'
  ...
# Subtest: booking utility service coerces payload types
ok 51 - booking utility service coerces payload types
  ---
  duration_ms: 0.9745
  type: 'test'
  ...
# Subtest: booking utility service maps appointment domain errors to http response
ok 52 - booking utility service maps appointment domain errors to http response
  ---
  duration_ms: 0.2605
  type: 'test'
  ...
# Subtest: bot-internal create appointment returns limit error when active bookings reached
ok 53 - bot-internal create appointment returns limit error when active bookings reached
  ---
  duration_ms: 1.5583
  type: 'test'
  ...
# Subtest: bot-internal cancel appointment blocks cancellation less than 2 hours before start
ok 54 - bot-internal cancel appointment blocks cancellation less than 2 hours before start
  ---
  duration_ms: 0.2698
  type: 'test'
  ...
# Subtest: bot-internal create appointment maps validation conflict to 409 response
ok 55 - bot-internal create appointment maps validation conflict to 409 response
  ---
  duration_ms: 1.4284
  type: 'test'
  ...
# Subtest: bot-internal appointments list requires telegramId
ok 56 - bot-internal appointments list requires telegramId
  ---
  duration_ms: 0.6177
  type: 'test'
  ...
# Subtest: bot-internal appointment read returns 404 for missing appointment
ok 57 - bot-internal appointment read returns 404 for missing appointment
  ---
  duration_ms: 0.4101
  type: 'test'
  ...
# Subtest: bot-internal user summary returns payload from service
ok 58 - bot-internal user summary returns payload from service
  ---
  duration_ms: 0.3899
  type: 'test'
  ...
# Subtest: bot-internal appointments list returns user appointments in client mode
ok 59 - bot-internal appointments list returns user appointments in client mode
  ---
  duration_ms: 0.4225
  type: 'test'
  ...
# Subtest: bot-internal create appointment returns created appointment and barber payload
ok 60 - bot-internal create appointment returns created appointment and barber payload
  ---
  duration_ms: 0.492
  type: 'test'
  ...
# Subtest: bot runtime service reads token from env when settings token is empty
ok 61 - bot runtime service reads token from env when settings token is empty
  ---
  duration_ms: 0.8511
  type: 'test'
  ...
# Subtest: bot runtime service rejects invalid token update payload
ok 62 - bot runtime service rejects invalid token update payload
  ---
  duration_ms: 0.9972
  type: 'test'
  ...
# Subtest: bot runtime service reports missing script on start
ok 63 - bot runtime service reports missing script on start
  ---
  duration_ms: 0.2292
  type: 'test'
  ...
# Subtest: bot runtime service starts process and updates runtime state
ok 64 - bot runtime service starts process and updates runtime state
  ---
  duration_ms: 1.6308
  type: 'test'
  ...
# Subtest: bot user service builds booking summary by telegram id
ok 65 - bot user service builds booking summary by telegram id
  ---
  duration_ms: 2.9107
  type: 'test'
  ...
# Subtest: bot user service links phone owner to telegram account
ok 66 - bot user service links phone owner to telegram account
  ---
  duration_ms: 0.4582
  type: 'test'
  ...
# Subtest: bot user service lists available times for barber and validates date
ok 67 - bot user service lists available times for barber and validates date
  ---
  duration_ms: 0.8626
  type: 'test'
  ...
# Subtest: catalog config service normalizes only changed appointment statuses
ok 68 - catalog config service normalizes only changed appointment statuses
  ---
  duration_ms: 1.8863
  type: 'test'
  ...
# Subtest: catalog config service clamps home booking settings
ok 69 - catalog config service clamps home booking settings
  ---
  duration_ms: 0.2928
  type: 'test'
  ...
# Subtest: catalog config service seeds services and prices from legacy cost rows
ok 70 - catalog config service seeds services and prices from legacy cost rows
  ---
  duration_ms: 0.6818
  type: 'test'
  ...
# Subtest: catalog lookup service builds barber lookup with aliases
ok 71 - catalog lookup service builds barber lookup with aliases
  ---
  duration_ms: 0.7835
  type: 'test'
  ...
# Subtest: catalog lookup service splits service list from json and text
ok 72 - catalog lookup service splits service list from json and text
  ---
  duration_ms: 1.2613
  type: 'test'
  ...
# Subtest: catalog lookup service resolves service lookup and barber price
ok 73 - catalog lookup service resolves service lookup and barber price
  ---
  duration_ms: 0.2148
  type: 'test'
  ...
# Subtest: catalog lookup service builds barber name lookup and default revenue range
ok 74 - catalog lookup service builds barber name lookup and default revenue range
  ---
  duration_ms: 0.7397
  type: 'test'
  ...
# Subtest: dashboard snapshot service builds client rows with user merge and orphan appointments
ok 75 - dashboard snapshot service builds client rows with user merge and orphan appointments
  ---
  duration_ms: 2.2856
  type: 'test'
  ...
# Subtest: dashboard snapshot service builds staff snapshot with filtered stats and earnings
ok 76 - dashboard snapshot service builds staff snapshot with filtered stats and earnings
  ---
  duration_ms: 1.3078
  type: 'test'
  ...
# Subtest: dashboard snapshot service builds owner snapshot with recurring clients and monthly metrics
ok 77 - dashboard snapshot service builds owner snapshot with recurring clients and monthly metrics
  ---
  duration_ms: 1.1734
  type: 'test'
  ...
# Subtest: parseTimeRangeParts normalizes time range
ok 78 - parseTimeRangeParts normalizes time range
  ---
  duration_ms: 1.4129
  type: 'test'
  ...
# Subtest: parseZonedDateTime builds a valid zoned date
ok 79 - parseZonedDateTime builds a valid zoned date
  ---
  duration_ms: 19.271
  type: 'test'
  ...
# Subtest: parseAppointmentEndDateTime rolls over to next day when needed
ok 80 - parseAppointmentEndDateTime rolls over to next day when needed
  ---
  duration_ms: 0.6034
  type: 'test'
  ...
# Subtest: formatDateOnly returns date in configured timezone
ok 81 - formatDateOnly returns date in configured timezone
  ---
  duration_ms: 0.2619
  type: 'test'
  ...
# Subtest: parseDateFilter falls back on invalid input
ok 82 - parseDateFilter falls back on invalid input
  ---
  duration_ms: 0.2258
  type: 'test'
  ...
# Subtest: home client store service imports legacy user meta into postgres-backed store
ok 83 - home client store service imports legacy user meta into postgres-backed store
  ---
  duration_ms: 4.0052
  type: 'test'
  ...
# Subtest: home client store service persists updates in postgres and can read without legacy file
ok 84 - home client store service persists updates in postgres and can read without legacy file
  ---
  duration_ms: 1.3053
  type: 'test'
  ...
# Subtest: home client store service keeps active appointment time label from stored time range
ok 85 - home client store service keeps active appointment time label from stored time range
  ---
  duration_ms: 2.3751
  type: 'test'
  ...
# Subtest: home data service reads and writes blocked users list
ok 86 - home data service reads and writes blocked users list
  ---
  duration_ms: 1.5468
  type: 'test'
  ...
# Subtest: home data service finds home user by phone preferring active account with password
ok 87 - home data service finds home user by phone preferring active account with password
  ---
  duration_ms: 0.4084
  type: 'test'
  ...
# Subtest: home data service lists users with haircut reminder state
ok 88 - home data service lists users with haircut reminder state
  ---
  duration_ms: 0.2177
  type: 'test'
  ...
# Subtest: home data service marks haircut reminder as sent by telegram id
ok 89 - home data service marks haircut reminder as sent by telegram id
  ---
  duration_ms: 0.315
  type: 'test'
  ...
# Subtest: home profile service hashes and verifies password
ok 90 - home profile service hashes and verifies password
  ---
  duration_ms: 150.653
  type: 'test'
  ...
# Subtest: home profile service builds public profile with telegram state and limits
ok 91 - home profile service builds public profile with telegram state and limits
  ---
  duration_ms: 1.2858
  type: 'test'
  ...
# Subtest: home profile service resolves booking user from stored profile
ok 92 - home profile service resolves booking user from stored profile
  ---
  duration_ms: 1.0145
  type: 'test'
  ...
# Subtest: home realtime service broadcasts sync events to attached clients
ok 93 - home realtime service broadcasts sync events to attached clients
  ---
  duration_ms: 1.4877
  type: 'test'
  ...
# Subtest: home realtime service clears client on close and shutdown
ok 94 - home realtime service clears client on close and shutdown
  ---
  duration_ms: 0.3188
  type: 'test'
  ...
# Subtest: home telegram auth start returns request payload with bot link
ok 95 - home telegram auth start returns request payload with bot link
  ---
  duration_ms: 5.2792
  type: 'test'
  ...
# Subtest: home telegram auth start rejects when bot is disabled
ok 96 - home telegram auth start rejects when bot is disabled
  ---
  duration_ms: 0.3317
  type: 'test'
  ...
# Subtest: home public payload exposes telegram auth availability
ok 97 - home public payload exposes telegram auth availability
  ---
  duration_ms: 0.4919
  type: 'test'
  ...
# Subtest: home telegram auth status completes login for existing user with password
ok 98 - home telegram auth status completes login for existing user with password
  ---
  duration_ms: 1.9474
  type: 'test'
  ...
# Subtest: home profile update blocks locked name changes
ok 99 - home profile update blocks locked name changes
  ---
  duration_ms: 0.7194
  type: 'test'
  ...
# Subtest: home profile update stores a new password when provided
ok 100 - home profile update stores a new password when provided
  ---
  duration_ms: 0.9569
  type: 'test'
  ...
# Subtest: home profile telegram status rejects request created for another user
ok 101 - home profile telegram status rejects request created for another user
  ---
  duration_ms: 0.4517
  type: 'test'
  ...
# Subtest: home booking dates returns limit error when user already has max active appointments
ok 102 - home booking dates returns limit error when user already has max active appointments
  ---
  duration_ms: 0.4335
  type: 'test'
  ...
# Subtest: home booking dates returns available dates and selected services
ok 103 - home booking dates returns available dates and selected services
  ---
  duration_ms: 0.6499
  type: 'test'
  ...
# Subtest: home booking appointment creates appointment and triggers side effects
ok 104 - home booking appointment creates appointment and triggers side effects
  ---
  duration_ms: 1.3739
  type: 'test'
  ...
# Subtest: home booking appointment maps slot taken domain error to 409 response
ok 105 - home booking appointment maps slot taken domain error to 409 response
  ---
  duration_ms: 0.3219
  type: 'test'
  ...
# Subtest: home booking appointment maps no schedule domain error to 409 response
ok 106 - home booking appointment maps no schedule domain error to 409 response
  ---
  duration_ms: 0.1931
  type: 'test'
  ...
# Subtest: home booking appointment maps lead time domain error to 409 response
ok 107 - home booking appointment maps lead time domain error to 409 response
  ---
  duration_ms: 0.2395
  type: 'test'
  ...
# Subtest: home booking appointment maps outside working hours domain error to 409 response
ok 108 - home booking appointment maps outside working hours domain error to 409 response
  ---
  duration_ms: 0.1998
  type: 'test'
  ...
# Subtest: identity access service resolves owner access for creator requests
ok 109 - identity access service resolves owner access for creator requests
  ---
  duration_ms: 1.0568
  type: 'test'
  ...
# Subtest: identity access service matches staff barber by direct name or alias
ok 110 - identity access service matches staff barber by direct name or alias
  ---
  duration_ms: 0.2212
  type: 'test'
  ...
# Subtest: identity access service filters rows for staff identity
ok 111 - identity access service filters rows for staff identity
  ---
  duration_ms: 0.675
  type: 'test'
  ...
# Subtest: identity access service keeps only staff price for services
ok 112 - identity access service keeps only staff price for services
  ---
  duration_ms: 0.2096
  type: 'test'
  ...
# Subtest: identity access service blocks non-owner request in middleware
ok 113 - identity access service blocks non-owner request in middleware
  ---
  duration_ms: 0.6886
  type: 'test'
  ...
# Subtest: legacy CRUD guard blocks appointments table and points to dedicated route
ok 114 - legacy CRUD guard blocks appointments table and points to dedicated route
  ---
  duration_ms: 1.293
  type: 'test'
  ...
# Subtest: legacy CRUD guard blocks schedules table and points to dedicated route
ok 115 - legacy CRUD guard blocks schedules table and points to dedicated route
  ---
  duration_ms: 0.2157
  type: 'test'
  ...
# Subtest: legacy CRUD guard blocks barbers table and points to dedicated route
ok 116 - legacy CRUD guard blocks barbers table and points to dedicated route
  ---
  duration_ms: 0.2983
  type: 'test'
  ...
# Subtest: legacy CRUD guard blocks services table and points to dedicated route
ok 117 - legacy CRUD guard blocks services table and points to dedicated route
  ---
  duration_ms: 0.1812
  type: 'test'
  ...
# Subtest: legacy CRUD guard allows tables without dedicated route
ok 118 - legacy CRUD guard allows tables without dedicated route
  ---
  duration_ms: 0.2471
  type: 'test'
  ...
# Subtest: legacy home users migration service migrates legacy users into prisma users
ok 119 - legacy home users migration service migrates legacy users into prisma users
  ---
  duration_ms: 2.4734
  type: 'test'
  ...
# Subtest: notification reminder service notifies barber about new appointment
ok 120 - notification reminder service notifies barber about new appointment
  ---
  duration_ms: 1.6724
  type: 'test'
  ...
# Subtest: notification reminder service sends client and barber 2-hour reminders
ok 121 - notification reminder service sends client and barber 2-hour reminders
  ---
  duration_ms: 2.049
  type: 'test'
  ...
# Subtest: owner asset helpers sanitize image filename and reject invalid extension
ok 122 - owner asset helpers sanitize image filename and reject invalid extension
  ---
  duration_ms: 2.2537
  type: 'test'
  ...
# Subtest: owner asset helpers generate unique image names against existing files
ok 123 - owner asset helpers generate unique image names against existing files
  ---
  duration_ms: 0.4649
  type: 'test'
  ...
# Subtest: owner asset helpers list only menu image files
ok 124 - owner asset helpers list only menu image files
  ---
  duration_ms: 12.4011
  type: 'test'
  ...
# Subtest: owner asset helpers create default bot menu when file is missing
ok 125 - owner asset helpers create default bot menu when file is missing
  ---
  duration_ms: 1.7824
  type: 'test'
  ...
# Subtest: owner asset helpers normalize and persist bot menu payload
ok 126 - owner asset helpers normalize and persist bot menu payload
  ---
  duration_ms: 0.5357
  type: 'test'
  ...
# Subtest: owner assets routes block bot menu images for non-owner
ok 127 - owner assets routes block bot menu images for non-owner
  ---
  duration_ms: 2.4611
  type: 'test'
  ...
# Subtest: owner assets routes require avatar upload payload
ok 128 - owner assets routes require avatar upload payload
  ---
  duration_ms: 0.8142
  type: 'test'
  ...
# Subtest: owner assets routes require non-empty bot message text
ok 129 - owner assets routes require non-empty bot message text
  ---
  duration_ms: 0.5494
  type: 'test'
  ...
# Subtest: owner assets routes return avatar list
ok 130 - owner assets routes return avatar list
  ---
  duration_ms: 1.0055
  type: 'test'
  ...
# Subtest: owner assets routes upload avatar image successfully
ok 131 - owner assets routes upload avatar image successfully
  ---
  duration_ms: 0.593
  type: 'test'
  ...
# Subtest: owner assets routes delete avatar successfully
ok 132 - owner assets routes delete avatar successfully
  ---
  duration_ms: 0.4077
  type: 'test'
  ...
# Subtest: owner assets routes upload barber card successfully
ok 133 - owner assets routes upload barber card successfully
  ---
  duration_ms: 0.5757
  type: 'test'
  ...
# Subtest: owner assets routes return bot menu image gallery
ok 134 - owner assets routes return bot menu image gallery
  ---
  duration_ms: 0.1877
  type: 'test'
  ...
# Subtest: owner assets routes upload bot menu image successfully
ok 135 - owner assets routes upload bot menu image successfully
  ---
  duration_ms: 0.6142
  type: 'test'
  ...
# Subtest: owner assets routes return bot menu
ok 136 - owner assets routes return bot menu
  ---
  duration_ms: 0.4817
  type: 'test'
  ...
# Subtest: owner assets routes save bot menu
ok 137 - owner assets routes save bot menu
  ---
  duration_ms: 0.5098
  type: 'test'
  ...
# Subtest: owner assets routes return bot messages
ok 138 - owner assets routes return bot messages
  ---
  duration_ms: 0.2404
  type: 'test'
  ...
# Subtest: owner assets routes update bot message
ok 139 - owner assets routes update bot message
  ---
  duration_ms: 0.3371
  type: 'test'
  ...
# [update] /api/system/update: user owner
# [restart] /api/system/restart: user owner
# Subtest: owner system routes block license status for non-owner
ok 140 - owner system routes block license status for non-owner
  ---
  duration_ms: 2.7882
  type: 'test'
  ...
# Subtest: owner system routes reject update while update is already in progress
ok 141 - owner system routes reject update while update is already in progress
  ---
  duration_ms: 0.7285
  type: 'test'
  ...
# Subtest: owner system routes require bot token payload
ok 142 - owner system routes require bot token payload
  ---
  duration_ms: 0.4615
  type: 'test'
  ...
# Subtest: owner system routes require backup filename for restore
ok 143 - owner system routes require backup filename for restore
  ---
  duration_ms: 0.5004
  type: 'test'
  ...
# Subtest: owner system routes return license status for owner
ok 144 - owner system routes return license status for owner
  ---
  duration_ms: 0.7207
  type: 'test'
  ...
# Subtest: owner system routes update bot token and restart running bot
ok 145 - owner system routes update bot token and restart running bot
  ---
  duration_ms: 0.923
  type: 'test'
  ...
# Subtest: owner system routes perform system update and schedule restart
not ok 146 - owner system routes perform system update and schedule restart
  ---
  duration_ms: 1.7432
  type: 'test'
  location: 'D:\\Works\\Barber Bot\\tests\\ownerSystemRoutes.test.js:156:1'
  failureType: 'testCodeFailure'
  error: |-
    Expected values to be strictly equal:
    
    202 !== 200
    
  code: 'ERR_ASSERTION'
  name: 'AssertionError'
  expected: 200
  actual: 202
  operator: 'strictEqual'
  stack: |-
    TestContext.<anonymous> (D:\Works\Barber Bot\tests\ownerSystemRoutes.test.js:176:10)
    async Test.run (node:internal/test_runner/test:1054:7)
    async Test.processPendingSubtests (node:internal/test_runner/test:744:7)
  ...
# Subtest: owner system routes return bot runtime snapshot
ok 147 - owner system routes return bot runtime snapshot
  ---
  duration_ms: 0.3519
  type: 'test'
  ...
# Subtest: owner system routes update bot status and toggle settings
ok 148 - owner system routes update bot status and toggle settings
  ---
  duration_ms: 0.6445
  type: 'test'
  ...
# Subtest: owner system routes stop action disables bot in settings by default
ok 149 - owner system routes stop action disables bot in settings by default
  ---
  duration_ms: 0.522
  type: 'test'
  ...
# Subtest: owner system routes schedule restart successfully
ok 150 - owner system routes schedule restart successfully
  ---
  duration_ms: 0.3993
  type: 'test'
  ...
# Subtest: owner system routes return update check info
ok 151 - owner system routes return update check info
  ---
  duration_ms: 0.2505
  type: 'test'
  ...
# Subtest: owner system routes create backup successfully
ok 152 - owner system routes create backup successfully
  ---
  duration_ms: 0.9937
  type: 'test'
  ...
# Subtest: owner system routes list backups successfully
ok 153 - owner system routes list backups successfully
  ---
  duration_ms: 0.2851
  type: 'test'
  ...
# Subtest: owner system routes restore backup successfully
ok 154 - owner system routes restore backup successfully
  ---
  duration_ms: 0.3034
  type: 'test'
  ...
# Subtest: owner system routes delete backup successfully
ok 155 - owner system routes delete backup successfully
  ---
  duration_ms: 0.305
  type: 'test'
  ...
# [dotenv@17.2.2] injecting env (18) from .env -- tip: ⚙️  write to custom object with { processEnv: myObject }
# Subtest: postgres apply sql parses cli args
ok 156 - postgres apply sql parses cli args
  ---
  duration_ms: 1.7625
  type: 'test'
  ...
# Subtest: postgres apply sql resolves explicit postgres url
ok 157 - postgres apply sql resolves explicit postgres url
  ---
  duration_ms: 0.3077
  type: 'test'
  ...
# Subtest: postgres apply sql rejects non-postgres url
ok 158 - postgres apply sql rejects non-postgres url
  ---
  duration_ms: 0.603
  type: 'test'
  ...
# [dotenv@17.2.2] injecting env (18) from .env -- tip: 📡 auto-backup env with Radar: https://dotenvx.com/radar
# Subtest: postgres sanitize bundle parses cli args
ok 159 - postgres sanitize bundle parses cli args
  ---
  duration_ms: 1.768
  type: 'test'
  ...
# Subtest: postgres sanitize bundle removes exact duplicate id rows
ok 160 - postgres sanitize bundle removes exact duplicate id rows
  ---
  duration_ms: 0.409
  type: 'test'
  ...
# Subtest: postgres sanitize bundle reports conflicting duplicate id rows
ok 161 - postgres sanitize bundle reports conflicting duplicate id rows
  ---
  duration_ms: 0.1868
  type: 'test'
  ...
# Subtest: postgres sanitize bundle updates bundle row counts and summary
ok 162 - postgres sanitize bundle updates bundle row counts and summary
  ---
  duration_ms: 1.4076
  type: 'test'
  ...
# Subtest: postgres cleanup backlog parses cli args
ok 163 - postgres cleanup backlog parses cli args
  ---
  duration_ms: 1.1951
  type: 'test'
  ...
# Subtest: postgres cleanup backlog renders production cleanup summary
ok 164 - postgres cleanup backlog renders production cleanup summary
  ---
  duration_ms: 0.4706
  type: 'test'
  ...
# [dotenv@17.2.2] injecting env (18) from .env -- tip: ⚙️  load multiple .env files with { path: ['.env.local', '.env'] }
# Subtest: postgres cutover packet parses cli args
ok 165 - postgres cutover packet parses cli args
  ---
  duration_ms: 0.9912
  type: 'test'
  ...
# Subtest: postgres cutover packet parses schema blockers
ok 166 - postgres cutover packet parses schema blockers
  ---
  duration_ms: 1.4477
  type: 'test'
  ...
# Subtest: postgres cutover packet builds packet and markdown
ok 167 - postgres cutover packet builds packet and markdown
  ---
  duration_ms: 8.2525
  type: 'test'
  ...
# Subtest: postgres generate init sql parses cli args
ok 168 - postgres generate init sql parses cli args
  ---
  duration_ms: 1.8851
  type: 'test'
  ...
# Subtest: postgres generate init sql builds prisma migrate diff args
ok 169 - postgres generate init sql builds prisma migrate diff args
  ---
  duration_ms: 0.2051
  type: 'test'
  ...
# Subtest: postgres generate init sql quotes schema path for shell execution
ok 170 - postgres generate init sql quotes schema path for shell execution
  ---
  duration_ms: 0.354
  type: 'test'
  ...
# Subtest: postgres import bundle exports ordered tables and cleanup suggestions
ok 171 - postgres import bundle exports ordered tables and cleanup suggestions
  ---
  duration_ms: 8.8747
  type: 'test'
  ...
# Subtest: postgres migration support parses cli args
ok 172 - postgres migration support parses cli args
  ---
  duration_ms: 1.6611
  type: 'test'
  ...
# Subtest: postgres migration support resolves sqlite path from explicit file url
ok 173 - postgres migration support resolves sqlite path from explicit file url
  ---
  duration_ms: 1.4637
  type: 'test'
  ...
# Subtest: postgres migration support requires explicit snapshot path when database url is missing
ok 174 - postgres migration support requires explicit snapshot path when database url is missing
  ---
  duration_ms: 0.4491
  type: 'test'
  ...
# Subtest: postgres migration support collects inventory and detects key issues
ok 175 - postgres migration support collects inventory and detects key issues
  ---
  duration_ms: 7.8773
  type: 'test'
  ...
# [dotenv@17.2.2] injecting env (18) from .env -- tip: ⚙️  load multiple .env files with { path: ['.env.local', '.env'] }
# Subtest: postgres portable runtime resolves project-local defaults
ok 176 - postgres portable runtime resolves project-local defaults
  ---
  duration_ms: 2.0964
  type: 'test'
  ...
# Subtest: postgres portable runtime finds versioned pgsql root
ok 177 - postgres portable runtime finds versioned pgsql root
  ---
  duration_ms: 0.5199
  type: 'test'
  ...
# Subtest: postgres portable runtime builds pg_ctl args for start
ok 178 - postgres portable runtime builds pg_ctl args for start
  ---
  duration_ms: 0.9268
  type: 'test'
  ...
# Subtest: postgres portable runtime builds pg_isready args
ok 179 - postgres portable runtime builds pg_isready args
  ---
  duration_ms: 0.189
  type: 'test'
  ...
# Subtest: postgres portable control parses cli overrides
ok 180 - postgres portable control parses cli overrides
  ---
  duration_ms: 0.2624
  type: 'test'
  ...
# Subtest: postgres portable control parses postmaster pid payload
ok 181 - postgres portable control parses postmaster pid payload
  ---
  duration_ms: 2.1235
  type: 'test'
  ...
# Subtest: postgres portable control normalizes path separators and casing
ok 182 - postgres portable control normalizes path separators and casing
  ---
  duration_ms: 0.1846
  type: 'test'
  ...
# Subtest: postgres portable control maps pg_isready status to stable message
ok 183 - postgres portable control maps pg_isready status to stable message
  ---
  duration_ms: 0.1913
  type: 'test'
  ...
# Subtest: postgres portable control removes stale pid when copied data dir points to old location
ok 184 - postgres portable control removes stale pid when copied data dir points to old location
  ---
  duration_ms: 2.3838
  type: 'test'
  ...
# Subtest: postgres report diff compares counts and issues between two reports
ok 185 - postgres report diff compares counts and issues between two reports
  ---
  duration_ms: 73.0784
  type: 'test'
  ...
# [dotenv@17.2.2] injecting env (18) from .env -- tip: ⚙️  write to custom object with { processEnv: myObject }
# [dotenv@17.2.2] injecting env (0) from .env -- tip: ⚙️  write to custom object with { processEnv: myObject }
# [dotenv@17.2.2] injecting env (0) from .env -- tip: ⚙️  override existing env vars with { override: true }
# Subtest: postgres run smoke migration parses cli args
ok 186 - postgres run smoke migration parses cli args
  ---
  duration_ms: 1.3094
  type: 'test'
  ...
# Subtest: postgres schema gap report parses cli args
ok 187 - postgres schema gap report parses cli args
  ---
  duration_ms: 1.6504
  type: 'test'
  ...
# Subtest: postgres schema gap report parses prisma provider and model names
ok 188 - postgres schema gap report parses prisma provider and model names
  ---
  duration_ms: 0.6818
  type: 'test'
  ...
# Subtest: postgres schema gap report highlights missing tables and sqlite provider
ok 189 - postgres schema gap report highlights missing tables and sqlite provider
  ---
  duration_ms: 1.0516
  type: 'test'
  ...
# [dotenv@17.2.2] injecting env (18) from .env -- tip: 🔐 encrypt with Dotenvx: https://dotenvx.com
# Subtest: postgres smoke preflight parses cli args
ok 190 - postgres smoke preflight parses cli args
  ---
  duration_ms: 1.2748
  type: 'test'
  ...
# Subtest: postgres smoke preflight checks file existence
ok 191 - postgres smoke preflight checks file existence
  ---
  duration_ms: 1.1206
  type: 'test'
  ...
# Subtest: postgres smoke preflight resolves postgres url and rejects sqlite
ok 192 - postgres smoke preflight resolves postgres url and rejects sqlite
  ---
  duration_ms: 0.6524
  type: 'test'
  ...
# Subtest: postgres sql emitter quotes identifiers and literals safely
ok 193 - postgres sql emitter quotes identifiers and literals safely
  ---
  duration_ms: 1.1059
  type: 'test'
  ...
# Subtest: postgres sql emitter builds insert statement from row payload
ok 194 - postgres sql emitter builds insert statement from row payload
  ---
  duration_ms: 0.2689
  type: 'test'
  ...
# Subtest: postgres sql emitter normalizes postgres boolean and datetime literals
ok 195 - postgres sql emitter normalizes postgres boolean and datetime literals
  ---
  duration_ms: 1.1925
  type: 'test'
  ...
# Subtest: postgres sql emitter renders import script from bundle
ok 196 - postgres sql emitter renders import script from bundle
  ---
  duration_ms: 0.6297
  type: 'test'
  ...
# Subtest: postgres bundle to sql parses cli args
ok 197 - postgres bundle to sql parses cli args
  ---
  duration_ms: 0.9514
  type: 'test'
  ...
# Subtest: postgres verification summary renders markdown for matches and mismatches
ok 198 - postgres verification summary renders markdown for matches and mismatches
  ---
  duration_ms: 1.4327
  type: 'test'
  ...
# [dotenv@17.2.2] injecting env (18) from .env -- tip: ⚙️  load multiple .env files with { path: ['.env.local', '.env'] }
# [dotenv@17.2.2] injecting env (0) from .env -- tip: ⚙️  suppress all logs with { quiet: true }
# Subtest: postgres verify import parses cli args
ok 199 - postgres verify import parses cli args
  ---
  duration_ms: 1.5871
  type: 'test'
  ...
# Subtest: postgres verify import builds report with mismatches
ok 200 - postgres verify import builds report with mismatches
  ---
  duration_ms: 1.0532
  type: 'test'
  ...
# Subtest: postgres verify import derives duplicate expectations from bundle tables when present
ok 201 - postgres verify import derives duplicate expectations from bundle tables when present
  ---
  duration_ms: 0.3607
  type: 'test'
  ...
# [dotenv@17.2.2] injecting env (18) from .env -- tip: 📡 auto-backup env with Radar: https://dotenvx.com/radar
# Subtest: prisma generate postgres client parses cli args
ok 202 - prisma generate postgres client parses cli args
  ---
  duration_ms: 1.7832
  type: 'test'
  ...
# Subtest: prisma generate postgres client builds npx prisma generate args
ok 203 - prisma generate postgres client builds npx prisma generate args
  ---
  duration_ms: 0.1955
  type: 'test'
  ...
# Subtest: prisma generate postgres client builds shell command with quoted schema path
ok 204 - prisma generate postgres client builds shell command with quoted schema path
  ---
  duration_ms: 0.4246
  type: 'test'
  ...
# [dotenv@17.2.2] injecting env (18) from .env -- tip: 🔐 prevent committing .env to code: https://dotenvx.com/precommit
# Subtest: prisma generate runtime client builds postgres command by default
ok 205 - prisma generate runtime client builds postgres command by default
  ---
  duration_ms: 1.3741
  type: 'test'
  ...
# Subtest: prisma generate runtime client rejects legacy sqlite runtime
ok 206 - prisma generate runtime client rejects legacy sqlite runtime
  ---
  duration_ms: 0.6452
  type: 'test'
  ...
# Subtest: prisma generate runtime client quotes schema path when needed
ok 207 - prisma generate runtime client quotes schema path when needed
  ---
  duration_ms: 0.1853
  type: 'test'
  ...
# Subtest: prisma runtime normalizes runtime mode to postgres
ok 208 - prisma runtime normalizes runtime mode to postgres
  ---
  duration_ms: 0.6881
  type: 'test'
  ...
# Subtest: prisma runtime rejects legacy sqlite mode for app runtime
ok 209 - prisma runtime rejects legacy sqlite mode for app runtime
  ---
  duration_ms: 0.3923
  type: 'test'
  ...
# Subtest: prisma runtime resolves postgres config by default
ok 210 - prisma runtime resolves postgres config by default
  ---
  duration_ms: 0.1812
  type: 'test'
  ...
# Subtest: prisma runtime validates postgres env requirements
ok 211 - prisma runtime validates postgres env requirements
  ---
  duration_ms: 0.2785
  type: 'test'
  ...
# Subtest: prisma runtime rejects missing database url for selected runtime
ok 212 - prisma runtime rejects missing database url for selected runtime
  ---
  duration_ms: 0.1613
  type: 'test'
  ...
# Subtest: realtime service broadcasts payload to attached clients
ok 213 - realtime service broadcasts payload to attached clients
  ---
  duration_ms: 14.8622
  type: 'test'
  ...
# Subtest: realtime service skips unchanged payload when not forced
ok 214 - realtime service skips unchanged payload when not forced
  ---
  duration_ms: 0.4049
  type: 'test'
  ...
# Subtest: realtime service replays last event to newly attached client and cleans up on close
ok 215 - realtime service replays last event to newly attached client and cleans up on close
  ---
  duration_ms: 0.6226
  type: 'test'
  ...
# [backup] Cron scheduled: 0 3 * * * (Asia/Irkutsk)
# Legacy home users migrated: created=1, updated=0, total=1
# Appointment statuses normalized: updated=1, total=1
# CRM server ready on http://localhost:3000
# Subtest: server lifecycle service installs backup cron with configured timezone
ok 216 - server lifecycle service installs backup cron with configured timezone
  ---
  duration_ms: 3.2885
  type: 'test'
  ...
# Subtest: server lifecycle service runs backup cleanup for outdated files
ok 217 - server lifecycle service runs backup cleanup for outdated files
  ---
  duration_ms: 0.5325
  type: 'test'
  ...
# Subtest: server lifecycle service bootstraps app and starts listeners
ok 218 - server lifecycle service bootstraps app and starts listeners
  ---
  duration_ms: 1.0146
  type: 'test'
  ...
# Subtest: server lifecycle service shuts down dependencies and exits
ok 219 - server lifecycle service shuts down dependencies and exits
  ---
  duration_ms: 0.4114
  type: 'test'
  ...
# Subtest: service catalog routes block create for non-owner
ok 220 - service catalog routes block create for non-owner
  ---
  duration_ms: 2.0918
  type: 'test'
  ...
# Subtest: service catalog routes require staff price for own profile
ok 221 - service catalog routes require staff price for own profile
  ---
  duration_ms: 0.5873
  type: 'test'
  ...
# Subtest: service catalog routes block delete for non-owner
ok 222 - service catalog routes block delete for non-owner
  ---
  duration_ms: 0.9504
  type: 'test'
  ...
# Subtest: service catalog routes let owner create service
ok 223 - service catalog routes let owner create service
  ---
  duration_ms: 1.2978
  type: 'test'
  ...
# Subtest: service catalog routes let owner update service
ok 224 - service catalog routes let owner update service
  ---
  duration_ms: 0.3764
  type: 'test'
  ...
# Subtest: service catalog routes let owner delete service
ok 225 - service catalog routes let owner delete service
  ---
  duration_ms: 0.2124
  type: 'test'
  ...
# Subtest: service catalog routes return staff filtered catalog
ok 226 - service catalog routes return staff filtered catalog
  ---
  duration_ms: 0.2928
  type: 'test'
  ...
# Subtest: service catalog routes let staff update own service price
ok 227 - service catalog routes let staff update own service price
  ---
  duration_ms: 0.4437
  type: 'test'
  ...
# Subtest: telegram auth start marks expired requests
ok 228 - telegram auth start marks expired requests
  ---
  duration_ms: 3.0387
  type: 'test'
  ...
# Subtest: telegram auth start rejects requests bound to another Telegram account
ok 229 - telegram auth start rejects requests bound to another Telegram account
  ---
  duration_ms: 0.2662
  type: 'test'
  ...
# Subtest: telegram auth start completes profile link
ok 230 - telegram auth start completes profile link
  ---
  duration_ms: 1.302
  type: 'test'
  ...
# Subtest: telegram auth start requests contact when user has no phone
ok 231 - telegram auth start requests contact when user has no phone
  ---
  duration_ms: 0.352
  type: 'test'
  ...
# Subtest: telegram auth start stores telegram display name when linked user is absent
ok 232 - telegram auth start stores telegram display name when linked user is absent
  ---
  duration_ms: 0.2637
  type: 'test'
  ...
# Subtest: telegram auth phone links existing user by phone and completes request
ok 233 - telegram auth phone links existing user by phone and completes request
  ---
  duration_ms: 0.5683
  type: 'test'
  ...
# Subtest: telegram auth phone preserves telegram display name for new site registration
ok 234 - telegram auth phone preserves telegram display name for new site registration
  ---
  duration_ms: 0.3103
  type: 'test'
  ...
# Subtest: update manager formats network error without stack trace noise
ok 235 - update manager formats network error without stack trace noise
  ---
  duration_ms: 0.7372
  type: 'test'
  ...
# Subtest: update manager formats plain error message
ok 236 - update manager formats plain error message
  ---
  duration_ms: 0.1145
  type: 'test'
  ...
# Subtest: update manager respects explicit pg_dump path override
ok 237 - update manager respects explicit pg_dump path override
  ---
  duration_ms: 0.1641
  type: 'test'
  ...
# Subtest: update manager strips prisma schema query for pg_dump url
ok 238 - update manager strips prisma schema query for pg_dump url
  ---
  duration_ms: 0.1482
  type: 'test'
  ...
# Subtest: update manager runs prisma migrate deploy before generate
ok 239 - update manager runs prisma migrate deploy before generate
  ---
  duration_ms: 0.5993
  type: 'test'
  ...
# Subtest: update manager detects prisma provider-switch lock mismatch
ok 240 - update manager detects prisma provider-switch lock mismatch
  ---
  duration_ms: 0.6109
  type: 'test'
  ...
# Subtest: update monitor service builds explicit health url when configured
ok 241 - update monitor service builds explicit health url when configured
  ---
  duration_ms: 0.9547
  type: 'test'
  ...
# Subtest: update monitor service appends alert entry to log
ok 242 - update monitor service appends alert entry to log
  ---
  duration_ms: 1.0441
  type: 'test'
  ...
# Subtest: update monitor service retries healthcheck until success
ok 243 - update monitor service retries healthcheck until success
  ---
  duration_ms: 0.9636
  type: 'test'
  ...
1..243
# tests 243
# suites 0
# pass 241
# fail 2
# cancelled 0
# skipped 0
# todo 0
# duration_ms 3220.6356
